Archive member included to satisfy reference by file (symbol)

/usr/lib64/libc_nonshared.a(elf-init.oS)
                              /lib/../lib64/crt1.o (__libc_csu_init)

Discarded input sections

 .note.GNU-stack
                0x0000000000000000        0x0 /lib/../lib64/crt1.o
 .note.GNU-stack
                0x0000000000000000        0x0 /lib/../lib64/crti.o
 .note.GNU-stack
                0x0000000000000000        0x0 /opt/rh/devtoolset-8/root/usr/lib/gcc/x86_64-redhat-linux/8/crtbegin.o
 .note.GNU-stack
                0x0000000000000000        0x0 /tmp/ccHyCEu5.o
 .note.GNU-stack
                0x0000000000000000        0x0 /usr/lib64/libc_nonshared.a(elf-init.oS)
 .note.GNU-stack
                0x0000000000000000        0x0 /opt/rh/devtoolset-8/root/usr/lib/gcc/x86_64-redhat-linux/8/crtend.o
 .note.GNU-stack
                0x0000000000000000        0x0 /lib/../lib64/crtn.o

Memory Configuration

Name             Origin             Length             Attributes
*default*        0x0000000000000000 0xffffffffffffffff

Linker script and memory map

LOAD /lib/../lib64/crt1.o
LOAD /lib/../lib64/crti.o
LOAD /opt/rh/devtoolset-8/root/usr/lib/gcc/x86_64-redhat-linux/8/crtbegin.o
LOAD /tmp/ccHyCEu5.o
LOAD /opt/rh/devtoolset-8/root/usr/lib/gcc/x86_64-redhat-linux/8/libgcc.a
LOAD /opt/rh/devtoolset-8/root/usr/lib/gcc/x86_64-redhat-linux/8/libgcc_s.so
START GROUP
LOAD /lib64/libgcc_s.so.1
LOAD /opt/rh/devtoolset-8/root/usr/lib/gcc/x86_64-redhat-linux/8/libgcc.a
END GROUP
LOAD /lib/../lib64/libc.so
START GROUP
LOAD /lib64/libc.so.6
LOAD /usr/lib64/libc_nonshared.a
LOAD /lib64/ld-linux-x86-64.so.2
END GROUP
LOAD /opt/rh/devtoolset-8/root/usr/lib/gcc/x86_64-redhat-linux/8/libgcc.a
LOAD /opt/rh/devtoolset-8/root/usr/lib/gcc/x86_64-redhat-linux/8/libgcc_s.so
START GROUP
LOAD /lib64/libgcc_s.so.1
LOAD /opt/rh/devtoolset-8/root/usr/lib/gcc/x86_64-redhat-linux/8/libgcc.a
END GROUP
LOAD /opt/rh/devtoolset-8/root/usr/lib/gcc/x86_64-redhat-linux/8/crtend.o
LOAD /lib/../lib64/crtn.o
                [!provide]                        PROVIDE (__executable_start = SEGMENT_START ("text-segment", 0x400000))
                0x0000000000400238                . = (SEGMENT_START ("text-segment", 0x400000) + SIZEOF_HEADERS)

.interp         0x0000000000400238       0x1c
 *(.interp)
 .interp        0x0000000000400238       0x1c /lib/../lib64/crt1.o

.note.ABI-tag   0x0000000000400254       0x20
 .note.ABI-tag  0x0000000000400254       0x20 /lib/../lib64/crt1.o

.note.gnu.build-id
                0x0000000000400274       0x24
 *(.note.gnu.build-id)
 .note.gnu.build-id
                0x0000000000400274       0x24 /lib/../lib64/crt1.o

.hash
 *(.hash)

.gnu.hash       0x0000000000400298       0x1c
 *(.gnu.hash)
 .gnu.hash      0x0000000000400298       0x1c /lib/../lib64/crt1.o

.dynsym         0x00000000004002b8       0x48
 *(.dynsym)
 .dynsym        0x00000000004002b8       0x48 /lib/../lib64/crt1.o

.dynstr         0x0000000000400300       0x38
 *(.dynstr)
 .dynstr        0x0000000000400300       0x38 /lib/../lib64/crt1.o

.gnu.version    0x0000000000400338        0x6
 *(.gnu.version)
 .gnu.version   0x0000000000400338        0x6 /lib/../lib64/crt1.o

.gnu.version_d  0x0000000000400340        0x0
 *(.gnu.version_d)
 .gnu.version_d
                0x0000000000400340        0x0 /lib/../lib64/crt1.o

.gnu.version_r  0x0000000000400340       0x20
 *(.gnu.version_r)
 .gnu.version_r
                0x0000000000400340       0x20 /lib/../lib64/crt1.o

.rela.dyn       0x0000000000400360       0x18
 *(.rela.init)
 *(.rela.text .rela.text.* .rela.gnu.linkonce.t.*)
 .rela.text     0x0000000000400360        0x0 /lib/../lib64/crt1.o
 *(.rela.fini)
 *(.rela.rodata .rela.rodata.* .rela.gnu.linkonce.r.*)
 *(.rela.data .rela.data.* .rela.gnu.linkonce.d.*)
 .rela.data.rel.ro
                0x0000000000400360        0x0 /lib/../lib64/crt1.o
 *(.rela.tdata .rela.tdata.* .rela.gnu.linkonce.td.*)
 *(.rela.tbss .rela.tbss.* .rela.gnu.linkonce.tb.*)
 *(.rela.ctors)
 *(.rela.dtors)
 *(.rela.got)
 .rela.got      0x0000000000400360       0x18 /lib/../lib64/crt1.o
 *(.rela.bss .rela.bss.* .rela.gnu.linkonce.b.*)
 .rela.bss      0x0000000000400378        0x0 /lib/../lib64/crt1.o
 *(.rela.ldata .rela.ldata.* .rela.gnu.linkonce.l.*)
 *(.rela.lbss .rela.lbss.* .rela.gnu.linkonce.lb.*)
 *(.rela.lrodata .rela.lrodata.* .rela.gnu.linkonce.lr.*)
 *(.rela.ifunc)

.rela.plt       0x0000000000400378       0x30
 *(.rela.plt)
 .rela.plt      0x0000000000400378       0x30 /lib/../lib64/crt1.o
                [!provide]                        PROVIDE (__rela_iplt_start = .)
 *(.rela.iplt)
 .rela.iplt     0x00000000004003a8        0x0 /lib/../lib64/crt1.o
                [!provide]                        PROVIDE (__rela_iplt_end = .)

.init           0x00000000004003a8       0x1a
 *(SORT_NONE(.init))
 .init          0x00000000004003a8       0x15 /lib/../lib64/crti.o
                0x00000000004003a8                _init
 .init          0x00000000004003bd        0x5 /lib/../lib64/crtn.o

.plt            0x00000000004003d0       0x30
 *(.plt)
 .plt           0x00000000004003d0       0x30 /lib/../lib64/crt1.o
                0x00000000004003e0                __libc_start_main@@GLIBC_2.2.5
 *(.iplt)
 .iplt          0x0000000000400400        0x0 /lib/../lib64/crt1.o

.plt.got        0x0000000000400400        0x0
 *(.plt.got)
 .plt.got       0x0000000000400400        0x0 /lib/../lib64/crt1.o

.plt.sec
 *(.plt.sec)

.text           0x0000000000400400      0x152
 *(.text.unlikely .text.*_unlikely .text.unlikely.*)
 *(.text.exit .text.exit.*)
 *(.text.startup .text.startup.*)
 *(.text.hot .text.hot.*)
 *(.text .stub .text.* .gnu.linkonce.t.*)
 .text          0x0000000000400400       0x2a /lib/../lib64/crt1.o
                0x0000000000400400                _start
 .text          0x000000000040042a        0x0 /lib/../lib64/crti.o
 *fill*         0x000000000040042a        0x6 
 .text          0x0000000000400430       0xa2 /opt/rh/devtoolset-8/root/usr/lib/gcc/x86_64-redhat-linux/8/crtbegin.o
 .text          0x00000000004004d2        0xb /tmp/ccHyCEu5.o
                0x00000000004004d2                main
 *fill*         0x00000000004004dd        0x3 
 .text          0x00000000004004e0       0x72 /usr/lib64/libc_nonshared.a(elf-init.oS)
                0x00000000004004e0                __libc_csu_init
                0x0000000000400550                __libc_csu_fini
 .text          0x0000000000400552        0x0 /opt/rh/devtoolset-8/root/usr/lib/gcc/x86_64-redhat-linux/8/crtend.o
 .text          0x0000000000400552        0x0 /lib/../lib64/crtn.o
 *(.gnu.warning)

.fini           0x0000000000400554        0x9
 *(SORT_NONE(.fini))
 .fini          0x0000000000400554        0x4 /lib/../lib64/crti.o
                0x0000000000400554                _fini
 .fini          0x0000000000400558        0x5 /lib/../lib64/crtn.o
                [!provide]                        PROVIDE (__etext = .)
                [!provide]                        PROVIDE (_etext = .)
                [!provide]                        PROVIDE (etext = .)

.rodata         0x0000000000400560       0x10
 *(.rodata .rodata.* .gnu.linkonce.r.*)
 .rodata.cst4   0x0000000000400560        0x4 /lib/../lib64/crt1.o
                0x0000000000400560                _IO_stdin_used
 *fill*         0x0000000000400564        0x4 
 .rodata        0x0000000000400568        0x8 /opt/rh/devtoolset-8/root/usr/lib/gcc/x86_64-redhat-linux/8/crtbegin.o
                0x0000000000400568                __dso_handle

.rodata1
 *(.rodata1)

.eh_frame_hdr   0x0000000000400570       0x34
 *(.eh_frame_hdr)
 .eh_frame_hdr  0x0000000000400570       0x34 /lib/../lib64/crt1.o
                0x0000000000400570                __GNU_EH_FRAME_HDR
 *(.eh_frame_entry .eh_frame_entry.*)

.eh_frame       0x00000000004005a8       0xf0
 *(.eh_frame)
 .eh_frame      0x00000000004005a8       0x30 /lib/../lib64/crt1.o
 .eh_frame      0x00000000004005d8       0x40 /lib/../lib64/crt1.o
 .eh_frame      0x0000000000400618        0x0 /lib/../lib64/crt1.o
 .eh_frame      0x0000000000400618       0x20 /tmp/ccHyCEu5.o
                                         0x38 (size before relaxing)
 .eh_frame      0x0000000000400638       0x5c /usr/lib64/libc_nonshared.a(elf-init.oS)
                                         0x78 (size before relaxing)
 .eh_frame      0x0000000000400694        0x4 /opt/rh/devtoolset-8/root/usr/lib/gcc/x86_64-redhat-linux/8/crtend.o
 *(.eh_frame.*)

.gcc_except_table
 *(.gcc_except_table .gcc_except_table.*)

.gnu_extab
 *(.gnu_extab*)

.exception_ranges
 *(.exception_ranges .exception_ranges*)
                0x0000000000600e18                . = DATA_SEGMENT_ALIGN (CONSTANT (MAXPAGESIZE), CONSTANT (COMMONPAGESIZE))

.eh_frame
 *(.eh_frame)
 *(.eh_frame.*)

.gnu_extab
 *(.gnu_extab)

.gcc_except_table
 *(.gcc_except_table .gcc_except_table.*)

.exception_ranges
 *(.exception_ranges .exception_ranges*)

.tdata
 *(.tdata .tdata.* .gnu.linkonce.td.*)

.tbss
 *(.tbss .tbss.* .gnu.linkonce.tb.*)
 *(.tcommon)

.preinit_array  0x0000000000600e18        0x0
                [!provide]                        PROVIDE (__preinit_array_start = .)
 *(.preinit_array)
                [!provide]                        PROVIDE (__preinit_array_end = .)

.init_array     0x0000000000600e18        0x8
                0x0000000000600e18                PROVIDE (__init_array_start = .)
 *(SORT_BY_INIT_PRIORITY(.init_array.*) SORT_BY_INIT_PRIORITY(.ctors.*))
 *(.init_array EXCLUDE_FILE(*crtend?.o *crtend.o *crtbegin?.o *crtbegin.o) .ctors)
 .init_array    0x0000000000600e18        0x8 /opt/rh/devtoolset-8/root/usr/lib/gcc/x86_64-redhat-linux/8/crtbegin.o
                0x0000000000600e20                PROVIDE (__init_array_end = .)

.fini_array     0x0000000000600e20        0x8
                [!provide]                        PROVIDE (__fini_array_start = .)
 *(SORT_BY_INIT_PRIORITY(.fini_array.*) SORT_BY_INIT_PRIORITY(.dtors.*))
 *(.fini_array EXCLUDE_FILE(*crtend?.o *crtend.o *crtbegin?.o *crtbegin.o) .dtors)
 .fini_array    0x0000000000600e20        0x8 /opt/rh/devtoolset-8/root/usr/lib/gcc/x86_64-redhat-linux/8/crtbegin.o
                [!provide]                        PROVIDE (__fini_array_end = .)

.ctors
 *crtbegin.o(.ctors)
 *crtbegin?.o(.ctors)
 *(EXCLUDE_FILE(*crtend?.o *crtend.o) .ctors)
 *(SORT_BY_NAME(.ctors.*))
 *(.ctors)

.dtors
 *crtbegin.o(.dtors)
 *crtbegin?.o(.dtors)
 *(EXCLUDE_FILE(*crtend?.o *crtend.o) .dtors)
 *(SORT_BY_NAME(.dtors.*))
 *(.dtors)

.jcr
 *(.jcr)

.data.rel.ro    0x0000000000600e28        0x0
 *(.data.rel.ro.local* .gnu.linkonce.d.rel.ro.local.*)
 *(.data.rel.ro .data.rel.ro.* .gnu.linkonce.d.rel.ro.*)
 .data.rel.ro   0x0000000000600e28        0x0 /lib/../lib64/crt1.o

.dynamic        0x0000000000600e28      0x1d0
 *(.dynamic)
 .dynamic       0x0000000000600e28      0x1d0 /lib/../lib64/crt1.o
                0x0000000000600e28                _DYNAMIC

.got            0x0000000000600ff8        0x8
 *(.got)
 .got           0x0000000000600ff8        0x8 /lib/../lib64/crt1.o
 *(.igot)
                0x0000000000601fe8                . = DATA_SEGMENT_RELRO_END (., (SIZEOF (.got.plt) >= 0x18)?0x18:0x0)

.got.plt        0x0000000000601000       0x28
 *(.got.plt)
 .got.plt       0x0000000000601000       0x28 /lib/../lib64/crt1.o
                0x0000000000601000                _GLOBAL_OFFSET_TABLE_
 *(.igot.plt)
 .igot.plt      0x0000000000601028        0x0 /lib/../lib64/crt1.o

.data           0x0000000000601028        0x4
 *(.data .data.* .gnu.linkonce.d.*)
 .data          0x0000000000601028        0x4 /lib/../lib64/crt1.o
                0x0000000000601028                data_start
                0x0000000000601028                __data_start
 .data          0x000000000060102c        0x0 /lib/../lib64/crti.o
 .data          0x000000000060102c        0x0 /opt/rh/devtoolset-8/root/usr/lib/gcc/x86_64-redhat-linux/8/crtbegin.o
 .data          0x000000000060102c        0x0 /tmp/ccHyCEu5.o
 .data          0x000000000060102c        0x0 /usr/lib64/libc_nonshared.a(elf-init.oS)
 .data          0x000000000060102c        0x0 /opt/rh/devtoolset-8/root/usr/lib/gcc/x86_64-redhat-linux/8/crtend.o
 .data          0x000000000060102c        0x0 /lib/../lib64/crtn.o

.tm_clone_table
                0x0000000000601030        0x0
 .tm_clone_table
                0x0000000000601030        0x0 /opt/rh/devtoolset-8/root/usr/lib/gcc/x86_64-redhat-linux/8/crtbegin.o
 .tm_clone_table
                0x0000000000601030        0x0 /opt/rh/devtoolset-8/root/usr/lib/gcc/x86_64-redhat-linux/8/crtend.o

.data1
 *(.data1)
                0x0000000000601030                _edata = .
                [!provide]                        PROVIDE (edata = .)
                0x0000000000601030                . = .
                0x0000000000601030                __bss_start = .

.bss            0x000000000060102c        0x4
 *(.dynbss)
 .dynbss        0x000000000060102c        0x0 /lib/../lib64/crt1.o
 *(.bss .bss.* .gnu.linkonce.b.*)
 .bss           0x000000000060102c        0x0 /lib/../lib64/crt1.o
 .bss           0x000000000060102c        0x0 /lib/../lib64/crti.o
 .bss           0x000000000060102c        0x1 /opt/rh/devtoolset-8/root/usr/lib/gcc/x86_64-redhat-linux/8/crtbegin.o
 .bss           0x000000000060102d        0x0 /tmp/ccHyCEu5.o
 .bss           0x000000000060102d        0x0 /usr/lib64/libc_nonshared.a(elf-init.oS)
 .bss           0x000000000060102d        0x0 /opt/rh/devtoolset-8/root/usr/lib/gcc/x86_64-redhat-linux/8/crtend.o
 .bss           0x000000000060102d        0x0 /lib/../lib64/crtn.o
 *(COMMON)
                0x0000000000601030                . = ALIGN ((. != 0x0)?0x8:0x1)
 *fill*         0x000000000060102d        0x3 

.lbss
 *(.dynlbss)
 *(.lbss .lbss.* .gnu.linkonce.lb.*)
 *(LARGE_COMMON)
                0x0000000000601030                . = ALIGN (0x8)
                0x0000000000601030                . = SEGMENT_START ("ldata-segment", .)

.lrodata
 *(.lrodata .lrodata.* .gnu.linkonce.lr.*)

.ldata          0x0000000000a01030        0x0
 *(.ldata .ldata.* .gnu.linkonce.l.*)
                0x0000000000a01030                . = ALIGN ((. != 0x0)?0x8:0x1)
                0x0000000000a01030                . = ALIGN (0x8)
                0x0000000000a01030                _end = .
                [!provide]                        PROVIDE (end = .)
                0x0000000000a01030                . = DATA_SEGMENT_END (.)

.stab
 *(.stab)

.stabstr
 *(.stabstr)

.stab.excl
 *(.stab.excl)

.stab.exclstr
 *(.stab.exclstr)

.stab.index
 *(.stab.index)

.stab.indexstr
 *(.stab.indexstr)

.comment        0x0000000000000000       0x59
 *(.comment)
 .comment       0x0000000000000000       0x2d /lib/../lib64/crt1.o
                                         0x2e (size before relaxing)
 .comment       0x000000000000002d       0x2c /opt/rh/devtoolset-8/root/usr/lib/gcc/x86_64-redhat-linux/8/crtbegin.o
                                         0x2d (size before relaxing)
 .comment       0x0000000000000059       0x2d /tmp/ccHyCEu5.o
 .comment       0x0000000000000059       0x2e /usr/lib64/libc_nonshared.a(elf-init.oS)
 .comment       0x0000000000000059       0x2d /opt/rh/devtoolset-8/root/usr/lib/gcc/x86_64-redhat-linux/8/crtend.o

.gnu.build.attributes
 *(.gnu.build.attributes .gnu.build.attributes.*)

.debug
 *(.debug)

.line
 *(.line)

.debug_srcinfo
 *(.debug_srcinfo)

.debug_sfnames
 *(.debug_sfnames)

.debug_aranges
 *(.debug_aranges)

.debug_pubnames
 *(.debug_pubnames)

.debug_info
 *(.debug_info .gnu.linkonce.wi.*)

.debug_abbrev
 *(.debug_abbrev)

.debug_line
 *(.debug_line .debug_line.* .debug_line_end)

.debug_frame
 *(.debug_frame)

.debug_str
 *(.debug_str)

.debug_loc
 *(.debug_loc)

.debug_macinfo
 *(.debug_macinfo)

.debug_weaknames
 *(.debug_weaknames)

.debug_funcnames
 *(.debug_funcnames)

.debug_typenames
 *(.debug_typenames)

.debug_varnames
 *(.debug_varnames)

.debug_pubtypes
 *(.debug_pubtypes)

.debug_ranges
 *(.debug_ranges)

.debug_macro
 *(.debug_macro)

.debug_addr
 *(.debug_addr)

.gnu.attributes
 *(.gnu.attributes)

/DISCARD/
 *(.note.GNU-stack)
 *(.gnu_debuglink)
 *(.gnu.lto_*)
 *(.gnu_object_only)
OUTPUT(a.out elf64-x86-64)
