
Memory Configuration

Name             Origin             Length             Attributes
*default*        0x0000000000000000 0xffffffffffffffff

Linker script and memory map

LOAD a.o
LOAD b.o
                0x0000000000010000                . = 0x10000

.text           0x0000000000010000       0x77
 *(.text)
 .text          0x0000000000010000       0x2c a.o
                0x0000000000010000                main
 .text          0x000000000001002c       0x4b b.o
                0x000000000001002c                swap

.iplt           0x0000000000010078        0x0
 .iplt          0x0000000000010078        0x0 a.o

.eh_frame       0x0000000000010078       0x58
 .eh_frame      0x0000000000010078       0x38 a.o
 .eh_frame      0x00000000000100b0       0x20 b.o
                                         0x38 (size before relaxing)

.rela.dyn       0x00000000000100d0        0x0
 .rela.got      0x00000000000100d0        0x0 a.o
 .rela.iplt     0x00000000000100d0        0x0 a.o
                0x0000000008000000                . = 0x8000000

.data           0x0000000008000000        0x4
 *(.data)
 .data          0x0000000008000000        0x0 a.o
 .data          0x0000000008000000        0x4 b.o
                0x0000000008000000                shared

.got            0x0000000008000008        0x0
 .got           0x0000000008000008        0x0 a.o

.got.plt        0x0000000008000008        0x0
 .got.plt       0x0000000008000008        0x0 a.o

.igot.plt       0x0000000008000008        0x0
 .igot.plt      0x0000000008000008        0x0 a.o

.bss            0x0000000008000004        0x0
 *(.bss)
 .bss           0x0000000008000004        0x0 a.o
 .bss           0x0000000008000004        0x0 b.o
OUTPUT(ab elf64-x86-64)

.comment        0x0000000000000000       0x2c
 .comment       0x0000000000000000       0x2c a.o
                                         0x2d (size before relaxing)
 .comment       0x000000000000002c       0x2d b.o

.note.GNU-stack
                0x0000000000000000        0x0
 .note.GNU-stack
                0x0000000000000000        0x0 a.o
 .note.GNU-stack
                0x0000000000000000        0x0 b.o
